> Task :app:preBuild UP-TO-DATE
> Task :app:preDebugBuild UP-TO-DATE
> Task :app:mergeDebugNativeDebugMetadata NO-SOURCE
> Task :app:javaPreCompileDebug
> Task :app:processDebugNavigationResources
> Task :app:checkDebugAarMetadata
> Task :app:generateDebugResValues
> Task :app:compileDebugNavigationResources
> Task :app:mapDebugSourceSetPaths
> Task :app:generateDebugResources
> Task :app:packageDebugResources
> Task :app:createDebugCompatibleScreenManifests
> Task :app:extractDeepLinksDebug
> Task :app:parseDebugLocalResources
> Task :app:processDebugMainManifest
> Task :app:processDebugManifest
> Task :app:mergeDebugShaders
> Task :app:compileDebugShaders NO-SOURCE
> Task :app:generateDebugAssets UP-TO-DATE
> Task :app:mergeDebugAssets
> Task :app:compressDebugAssets
> Task :app:processDebugJavaRes NO-SOURCE
> Task :app:desugarDebugFileDependencies
> Task :app:mergeDebugJniLibFolders
> Task :app:mergeDebugNativeLibs NO-SOURCE
> Task :app:stripDebugDebugSymbols NO-SOURCE
> Task :app:checkDebugDuplicateClasses
> Task :app:mergeDebugResources
> Task :app:validateSigningDebug
> Task :app:processDebugManifestForPackage
> Task :app:mergeLibDexDebug
> Task :app:writeDebugAppMetadata
> Task :app:writeDebugSigningConfigVersions
> Task :app:mergeDebugJavaResource
> Task :app:processDebugResources
> Task :app:mergeExtDexDebug

> Task :app:compileDebugJavaWithJavac
.\gradlew.bat : Note: Some input files use or override a deprecated API.
At line:1 char:61
+ ... pVoyage_mobile - Copy (2)" ; .\gradlew.bat assembleDebug 2>&1 | Tee-O ...
+                                  ~~~~~~~~~~~~~~~~~~~~~~~~~~~~~~~~
    + CategoryInfo          : NotSpecified: (Note: Some inpu...deprecated API. 
   :String) [], RemoteException
    + FullyQualifiedErrorId : NativeCommandError
 
Note: Recompile with -Xlint:deprecation for details.

> Task :app:dexBuilderDebug
> Task :app:mergeProjectDexDebug
> Task :app:packageDebug
> Task :app:createDebugApkListingFileRedirect
> Task :app:assembleDebug

[Incubating] Problems report is available at: file:///E:/2-2/Advanced/Project/ShipVoyage_mobile%20-%20Copy%20(2)/build/reports/problems/problems-report.html

BUILD SUCCESSFUL in 14s
33 actionable tasks: 33 executed
